// Jest Snapshot v1, https://goo.gl/fbAQLP

exports[`Footer matches a snapshot 1`] = `
<footer
  className="Footer"
>
  <ul>
    <li>
      Â© 2019-2020 Cari Palazzolo, all rights reserved
    </li>
    <li>
      <a
        href="https://github.com/caripizza"
        rel="noopener noreferrer"
        target="_blank"
      >
        Github
      </a>
       | 
      <a
        href="https://linkedin.com/in/cari-palazzolo"
        rel="noopener noreferrer"
        target="_blank"
      >
        Linkedin
      </a>
       | 
      <a
        href="https://caripalazzolo.com/about"
        rel="noopener noreferrer"
        target="_blank"
      >
        About
      </a>
    </li>
  </ul>
</footer>
`;
